{
  "metadata" :
  {
    "@generated" : true
  },
  "models" :
  [
    {
      "issues" :
      [
        {
          "callee" : "LInterface;.sink:(LData;)V",
          "position" :
          {
            "line" : 2,
            "path" : "Flow.java"
          },
          "rule" : 1,
          "sink_index" : "0",
          "sinks" :
          [
            {
              "call_info" :
              {
                "call_kind" : "CallSite",
                "port" : "Argument(1)",
                "position" :
                {
                  "line" : 2,
                  "path" : "Flow.java"
                },
                "resolves_to" : "LImplementation;.sink:(LData;)V"
              },
              "kinds" :
              [
                {
                  "callee_interval" :
                  [
                    8,
                    9
                  ],
                  "distance" : 1,
                  "kind" : "TestSink",
                  "origins" :
                  [
                    {
                      "method" : "LSink;.sink:(LData;)V",
                      "port" : "Argument(1)"
                    }
                  ],
                  "preserves_type_context" : false
                }
              ]
            }
          ],
          "sources" :
          [
            {
              "call_info" :
              {
                "call_kind" : "Origin",
                "port" : "Return",
                "position" :
                {
                  "line" : 1,
                  "path" : "Flow.java"
                }
              },
              "kinds" :
              [
                {
                  "callee_interval" :
                  [
                    5,
                    6
                  ],
                  "kind" : "TestSource",
                  "origins" :
                  [
                    {
                      "method" : "LSource;.source:()LData;",
                      "port" : "Return"
                    }
                  ],
                  "preserves_type_context" : true
                }
              ]
            }
          ]
        }
      ],
      "method" : "LFlow;.flow:()V",
      "position" :
      {
        "line" : 0,
        "path" : "Flow.java"
      }
    },
    {
      "method" : "LImplementation;.sink:(LData;)V",
      "position" :
      {
        "line" : 0,
        "path" : "Implementation.java"
      },
      "sinks" :
      [
        {
          "port" : "Argument(1)",
          "taint" :
          [
            {
              "call_info" :
              {
                "call_kind" : "Origin",
                "port" : "Argument(1)",
                "position" :
                {
                  "line" : 1,
                  "path" : "Implementation.java"
                }
              },
              "kinds" :
              [
                {
                  "callee_interval" :
                  [
                    8,
                    9
                  ],
                  "kind" : "TestSink",
                  "origins" :
                  [
                    {
                      "method" : "LSink;.sink:(LData;)V",
                      "port" : "Argument(1)"
                    }
                  ],
                  "preserves_type_context" : true
                }
              ]
            }
          ]
        }
      ]
    },
    {
      "method" : "LInterface;.sink:(LData;)V",
      "modes" :
      [
        "add-via-obscure-feature",
        "skip-analysis"
      ],
      "position" :
      {
        "path" : "Interface.java"
      }
    }
  ]
}
