{
  "metadata" :
  {
    "@generated" : true
  },
  "models" :
  [
    {
      "method" : "LFlow;.flow:(LData;LData;)LFlow;",
      "position" :
      {
        "line" : 0,
        "path" : "Flow.java"
      },
      "propagation" :
      [
        {
          "input" : "Argument(0)",
          "output" :
          [
            {
              "call_info" :
              {
                "call_kind" : "Propagation",
                "port" : "Return"
              },
              "kinds" :
              [
                {
                  "kind" : "LocalReturn",
                  "output_paths" :
                  {
                    "" : 4
                  }
                }
              ]
            }
          ]
        },
        {
          "input" : "Argument(1)",
          "output" :
          [
            {
              "call_info" :
              {
                "call_kind" : "Propagation",
                "port" : "Argument(0)"
              },
              "kinds" :
              [
                {
                  "kind" : "LocalArgument(0)",
                  "output_paths" :
                  {
                    ".field" : 3
                  }
                }
              ]
            },
            {
              "call_info" :
              {
                "call_kind" : "Propagation",
                "port" : "Return"
              },
              "kinds" :
              [
                {
                  "kind" : "LocalReturn",
                  "output_paths" :
                  {
                    ".field" : 3
                  }
                }
              ]
            }
          ]
        }
      ]
    }
  ]
}
