{
  "metadata" :
  {
    "@generated" : true
  },
  "models" :
  [
    {
      "inline_as_setter" :
      {
        "target" : "Argument(0).field",
        "value" : "Argument(1)"
      },
      "method" : "LFlow;.<init>:(LData;LData;)V",
      "position" :
      {
        "line" : 0,
        "path" : "Flow.java"
      },
      "propagation" :
      [
        {
          "input" : "Argument(1)",
          "output" :
          [
            {
              "call_info" :
              {
                "call_kind" : "Propagation",
                "port" : "Argument(0)"
              },
              "kinds" :
              [
                {
                  "kind" : "LocalArgument(0)",
                  "output_paths" :
                  {
                    ".field" : 3
                  }
                }
              ]
            }
          ]
        }
      ]
    }
  ]
}
